name: goldens
description: Goldens for AngularDart.
publish_to: none

environment:
  sdk: ">=3.6.0 <4.0.0"

resolution: workspace

dependencies:
  js: ^0.7.1
  meta: ^1.16.0
  ngdart: ^8.0.0-dev.4

dev_dependencies:
  build_runner: ^2.4.12
  build_web_compilers: ^4.0.11
  dart_style: ^2.3.7
  glob: ^2.1.2
  lints: ^5.0.0
  path: ^1.9.1
